
Allocating common symbols
Common symbol       size              file

isr_table           0x80              soc-hw.o
tic_msec            0x4               soc-hw.o

Memory Configuration

Name             Origin             Length             Attributes
ram              0x0000000000000000 0x0000000000001000
*default*        0x0000000000000000 0xffffffffffffffff

Linker script and memory map

                0x0000000000000000                __DYNAMIC = 0x0
                0x0000000000000000                _RAM_START = 0x0
                0x0000000000001000                _RAM_SIZE = 0x1000
                0x0000000000001000                _RAM_END = (_RAM_START + _RAM_SIZE)

.text           0x0000000000000000      0x590
                0x0000000000000000                _ftext = .
 *(.text .stub .text.* .gnu.linkonce.t.*)
 .text          0x0000000000000000      0x208 crt0ram.o
                0x0000000000000000                _start
                0x0000000000000140                irq_enable
                0x000000000000014c                irq_disable
                0x0000000000000158                irq_set_mask
                0x0000000000000160                irq_get_mask
                0x0000000000000168                jump
                0x000000000000016c                halt
                0x00000000000001f8                get_sp
                0x0000000000000200                get_gp
 .text          0x0000000000000208       0xf4 main.o
                0x0000000000000208                main
 .text          0x00000000000002fc      0x294 soc-hw.o
                0x00000000000002fc                isr_null
                0x0000000000000300                tic_isr
                0x000000000000032c                prueba
                0x00000000000003a0                irq_handler
                0x0000000000000404                isr_init
                0x0000000000000428                isr_register
                0x0000000000000440                isr_unregister
                0x0000000000000460                msleep
                0x000000000000049c                nsleep
                0x00000000000004cc                tic_init
                0x0000000000000510                uart_init
                0x0000000000000514                uart_getchar
                0x0000000000000538                uart_putchar
                0x000000000000055c                uart_putstr
                0x0000000000000590                _etext = .

.rodata         0x0000000000000590       0x6c
                0x0000000000000590                . = ALIGN (0x4)
                0x0000000000000590                _frodata = .
 *(.rodata .rodata.* .gnu.linkonce.r.*)
 .rodata.str1.4
                0x0000000000000590       0x68 main.o
                                         0x6c (size before relaxing)
 .rodata.cst4   0x00000000000005f8        0x4 soc-hw.o
 *(.rodata1)
                0x00000000000005fc                _erodata = .

.data           0x00000000000005fc       0x10
                0x00000000000005fc                . = ALIGN (0x4)
                0x00000000000005fc                _fdata = .
 *(.data .data.* .gnu.linkonce.d.*)
 .data          0x00000000000005fc        0x0 crt0ram.o
 .data          0x00000000000005fc        0x0 main.o
 .data          0x00000000000005fc       0x10 soc-hw.o
                0x00000000000005fc                uart0
                0x0000000000000600                timer0
                0x0000000000000604                gpio0
                0x0000000000000608                spi0
 *(.data1)
                0x0000000000000610                _gp = ALIGN (0x10)
 *(.sdata .sdata.* .gnu.linkonce.s.*)
                0x000000000000060c                _edata = .

.bss            0x000000000000060c       0x84
                0x000000000000060c                . = ALIGN (0x4)
                0x000000000000060c                _fbss = .
 *(.dynsbss)
 *(.sbss .sbss.* .gnu.linkonce.sb.*)
 *(.scommon)
 *(.dynbss)
 *(.bss .bss.* .gnu.linkonce.b.*)
 .bss           0x000000000000060c        0x0 crt0ram.o
 .bss           0x000000000000060c        0x0 main.o
 .bss           0x000000000000060c        0x0 soc-hw.o
 *(COMMON)
 COMMON         0x000000000000060c       0x84 soc-hw.o
                0x000000000000060c                isr_table
                0x000000000000068c                tic_msec
                0x0000000000000690                _ebss = .
                0x0000000000000690                _end = .
                0x0000000000000ffc                PROVIDE (_fstack, ((ORIGIN (ram) + 0x1000) - 0x4))
LOAD crt0ram.o
LOAD main.o
LOAD soc-hw.o
OUTPUT(image elf32-lm32)

.debug_abbrev   0x0000000000000000      0x207
 .debug_abbrev  0x0000000000000000       0x6a main.o
 .debug_abbrev  0x000000000000006a      0x19d soc-hw.o

.debug_info     0x0000000000000000      0x59e
 .debug_info    0x0000000000000000       0x90 main.o
 .debug_info    0x0000000000000090      0x50e soc-hw.o

.debug_line     0x0000000000000000      0x479
 .debug_line    0x0000000000000000      0x146 main.o
 .debug_line    0x0000000000000146      0x333 soc-hw.o

.debug_frame    0x0000000000000000      0x110
 .debug_frame   0x0000000000000000       0x20 main.o
 .debug_frame   0x0000000000000020       0xf0 soc-hw.o

.debug_loc      0x0000000000000000      0x186
 .debug_loc     0x0000000000000000       0x8a main.o
 .debug_loc     0x000000000000008a       0xfc soc-hw.o

.debug_pubnames
                0x0000000000000000      0x138
 .debug_pubnames
                0x0000000000000000       0x1b main.o
 .debug_pubnames
                0x000000000000001b      0x11d soc-hw.o

.debug_pubtypes
                0x0000000000000000       0x77
 .debug_pubtypes
                0x0000000000000000       0x1e main.o
 .debug_pubtypes
                0x000000000000001e       0x59 soc-hw.o

.debug_aranges  0x0000000000000000       0x40
 .debug_aranges
                0x0000000000000000       0x20 main.o
 .debug_aranges
                0x0000000000000020       0x20 soc-hw.o

.debug_str      0x0000000000000000      0x1db
 .debug_str     0x0000000000000000       0x7c main.o
                                         0x88 (size before relaxing)
 .debug_str     0x000000000000007c      0x15f soc-hw.o
                                        0x1cf (size before relaxing)

.comment        0x0000000000000000       0x11
 .comment       0x0000000000000000       0x11 main.o
                                         0x12 (size before relaxing)
 .comment       0x0000000000000000       0x12 soc-hw.o

.debug_ranges   0x0000000000000000       0x18
 .debug_ranges  0x0000000000000000       0x18 soc-hw.o
