
Allocating common symbols
Common symbol       size              file

isr_table           0x80              soc-hw.o
tic_msec            0x4               soc-hw.o

Memory Configuration

Name             Origin             Length             Attributes
ram              0x0000000000000000 0x0000000000001000
*default*        0x0000000000000000 0xffffffffffffffff

Linker script and memory map

                0x0000000000000000                __DYNAMIC = 0x0
                0x0000000000000000                _RAM_START = 0x0
                0x0000000000001000                _RAM_SIZE = 0x1000
                0x0000000000001000                _RAM_END = (_RAM_START + _RAM_SIZE)

.text           0x0000000000000000      0x494
                0x0000000000000000                _ftext = .
 *(.text .stub .text.* .gnu.linkonce.t.*)
 .text          0x0000000000000000      0x208 crt0ram.o
                0x0000000000000000                _start
                0x0000000000000140                irq_enable
                0x000000000000014c                irq_disable
                0x0000000000000158                irq_set_mask
                0x0000000000000160                irq_get_mask
                0x0000000000000168                jump
                0x000000000000016c                halt
                0x00000000000001f8                get_sp
                0x0000000000000200                get_gp
 .text          0x0000000000000208       0x28 main.o
                0x0000000000000208                main
 .text          0x0000000000000230      0x264 soc-hw.o
                0x0000000000000230                isr_null
                0x0000000000000234                tic_isr
                0x0000000000000260                prueba
                0x0000000000000278                prueba1
                0x0000000000000290                prueba2
                0x00000000000002a4                irq_handler
                0x0000000000000308                isr_init
                0x000000000000032c                isr_register
                0x0000000000000344                isr_unregister
                0x0000000000000364                msleep
                0x00000000000003a0                nsleep
                0x00000000000003d0                tic_init
                0x0000000000000414                uart_init
                0x0000000000000418                uart_getchar
                0x000000000000043c                uart_putchar
                0x0000000000000460                uart_putstr
                0x0000000000000494                _etext = .

.rodata         0x0000000000000494        0x4
                0x0000000000000494                . = ALIGN (0x4)
                0x0000000000000494                _frodata = .
 *(.rodata .rodata.* .gnu.linkonce.r.*)
 .rodata.cst4   0x0000000000000494        0x4 soc-hw.o
 *(.rodata1)
                0x0000000000000498                _erodata = .

.data           0x0000000000000498       0x10
                0x0000000000000498                . = ALIGN (0x4)
                0x0000000000000498                _fdata = .
 *(.data .data.* .gnu.linkonce.d.*)
 .data          0x0000000000000498        0x0 crt0ram.o
 .data          0x0000000000000498        0x0 main.o
 .data          0x0000000000000498       0x10 soc-hw.o
                0x0000000000000498                uart0
                0x000000000000049c                timer0
                0x00000000000004a0                gpio0
                0x00000000000004a4                spi0
 *(.data1)
                0x00000000000004b0                _gp = ALIGN (0x10)
 *(.sdata .sdata.* .gnu.linkonce.s.*)
                0x00000000000004a8                _edata = .

.bss            0x00000000000004a8       0x84
                0x00000000000004a8                . = ALIGN (0x4)
                0x00000000000004a8                _fbss = .
 *(.dynsbss)
 *(.sbss .sbss.* .gnu.linkonce.sb.*)
 *(.scommon)
 *(.dynbss)
 *(.bss .bss.* .gnu.linkonce.b.*)
 .bss           0x00000000000004a8        0x0 crt0ram.o
 .bss           0x00000000000004a8        0x0 main.o
 .bss           0x00000000000004a8        0x0 soc-hw.o
 *(COMMON)
 COMMON         0x00000000000004a8       0x84 soc-hw.o
                0x00000000000004a8                isr_table
                0x0000000000000528                tic_msec
                0x000000000000052c                _ebss = .
                0x000000000000052c                _end = .
                0x0000000000000ffc                PROVIDE (_fstack, ((ORIGIN (ram) + 0x1000) - 0x4))
LOAD crt0ram.o
LOAD main.o
LOAD soc-hw.o
OUTPUT(image elf32-lm32)

.debug_abbrev   0x0000000000000000      0x1fb
 .debug_abbrev  0x0000000000000000       0x5e main.o
 .debug_abbrev  0x000000000000005e      0x19d soc-hw.o

.debug_info     0x0000000000000000      0x564
 .debug_info    0x0000000000000000       0x73 main.o
 .debug_info    0x0000000000000073      0x4f1 soc-hw.o

.debug_line     0x0000000000000000      0x331
 .debug_line    0x0000000000000000       0x5e main.o
 .debug_line    0x000000000000005e      0x2d3 soc-hw.o

.debug_frame    0x0000000000000000      0x130
 .debug_frame   0x0000000000000000       0x20 main.o
 .debug_frame   0x0000000000000020      0x110 soc-hw.o

.debug_pubnames
                0x0000000000000000      0x150
 .debug_pubnames
                0x0000000000000000       0x1b main.o
 .debug_pubnames
                0x000000000000001b      0x135 soc-hw.o

.debug_pubtypes
                0x0000000000000000       0x6b
 .debug_pubtypes
                0x0000000000000000       0x12 main.o
 .debug_pubtypes
                0x0000000000000012       0x59 soc-hw.o

.debug_aranges  0x0000000000000000       0x40
 .debug_aranges
                0x0000000000000000       0x20 main.o
 .debug_aranges
                0x0000000000000020       0x20 soc-hw.o

.debug_str      0x0000000000000000      0x1f2
 .debug_str     0x0000000000000000       0x9a main.o
                                         0xa6 (size before relaxing)
 .debug_str     0x000000000000009a      0x158 soc-hw.o
                                        0x1fc (size before relaxing)

.comment        0x0000000000000000       0x11
 .comment       0x0000000000000000       0x11 main.o
                                         0x12 (size before relaxing)
 .comment       0x0000000000000000       0x12 soc-hw.o

.debug_loc      0x0000000000000000       0xfc
 .debug_loc     0x0000000000000000       0xfc soc-hw.o

.debug_ranges   0x0000000000000000       0x18
 .debug_ranges  0x0000000000000000       0x18 soc-hw.o
