
Allocating common symbols
Common symbol       size              file

isr_table           0x80              soc-hw.o
tic_msec            0x4               soc-hw.o

Memory Configuration

Name             Origin             Length             Attributes
ram              0x0000000000000000 0x0000000000001000
*default*        0x0000000000000000 0xffffffffffffffff

Linker script and memory map

                0x0000000000000000                __DYNAMIC = 0x0
                0x0000000000000000                _RAM_START = 0x0
                0x0000000000001000                _RAM_SIZE = 0x1000
                0x0000000000001000                _RAM_END = (_RAM_START + _RAM_SIZE)

.text           0x0000000000000000      0x4c4
                0x0000000000000000                _ftext = .
 *(.text .stub .text.* .gnu.linkonce.t.*)
 .text          0x0000000000000000      0x208 crt0ram.o
                0x0000000000000000                _start
                0x0000000000000140                irq_enable
                0x000000000000014c                irq_disable
                0x0000000000000158                irq_set_mask
                0x0000000000000160                irq_get_mask
                0x0000000000000168                jump
                0x000000000000016c                halt
                0x00000000000001f8                get_sp
                0x0000000000000200                get_gp
 .text          0x0000000000000208       0x28 main.o
                0x0000000000000208                main
 .text          0x0000000000000230      0x294 soc-hw.o
                0x0000000000000230                isr_null
                0x0000000000000234                tic_isr
                0x0000000000000260                prueba
                0x00000000000002d4                irq_handler
                0x0000000000000338                isr_init
                0x000000000000035c                isr_register
                0x0000000000000374                isr_unregister
                0x0000000000000394                msleep
                0x00000000000003d0                nsleep
                0x0000000000000400                tic_init
                0x0000000000000444                uart_init
                0x0000000000000448                uart_getchar
                0x000000000000046c                uart_putchar
                0x0000000000000490                uart_putstr
                0x00000000000004c4                _etext = .

.rodata         0x00000000000004c4        0x4
                0x00000000000004c4                . = ALIGN (0x4)
                0x00000000000004c4                _frodata = .
 *(.rodata .rodata.* .gnu.linkonce.r.*)
 .rodata.cst4   0x00000000000004c4        0x4 soc-hw.o
 *(.rodata1)
                0x00000000000004c8                _erodata = .

.data           0x00000000000004c8       0x10
                0x00000000000004c8                . = ALIGN (0x4)
                0x00000000000004c8                _fdata = .
 *(.data .data.* .gnu.linkonce.d.*)
 .data          0x00000000000004c8        0x0 crt0ram.o
 .data          0x00000000000004c8        0x0 main.o
 .data          0x00000000000004c8       0x10 soc-hw.o
                0x00000000000004c8                uart0
                0x00000000000004cc                timer0
                0x00000000000004d0                gpio0
                0x00000000000004d4                spi0
 *(.data1)
                0x00000000000004e0                _gp = ALIGN (0x10)
 *(.sdata .sdata.* .gnu.linkonce.s.*)
                0x00000000000004d8                _edata = .

.bss            0x00000000000004d8       0x84
                0x00000000000004d8                . = ALIGN (0x4)
                0x00000000000004d8                _fbss = .
 *(.dynsbss)
 *(.sbss .sbss.* .gnu.linkonce.sb.*)
 *(.scommon)
 *(.dynbss)
 *(.bss .bss.* .gnu.linkonce.b.*)
 .bss           0x00000000000004d8        0x0 crt0ram.o
 .bss           0x00000000000004d8        0x0 main.o
 .bss           0x00000000000004d8        0x0 soc-hw.o
 *(COMMON)
 COMMON         0x00000000000004d8       0x84 soc-hw.o
                0x00000000000004d8                isr_table
                0x0000000000000558                tic_msec
                0x000000000000055c                _ebss = .
                0x000000000000055c                _end = .
                0x0000000000000ffc                PROVIDE (_fstack, ((ORIGIN (ram) + 0x1000) - 0x4))
LOAD crt0ram.o
LOAD main.o
LOAD soc-hw.o
OUTPUT(image elf32-lm32)

.debug_abbrev   0x0000000000000000      0x216
 .debug_abbrev  0x0000000000000000       0x79 main.o
 .debug_abbrev  0x0000000000000079      0x19d soc-hw.o

.debug_info     0x0000000000000000      0x59b
 .debug_info    0x0000000000000000       0x8d main.o
 .debug_info    0x000000000000008d      0x50e soc-hw.o

.debug_line     0x0000000000000000      0x38d
 .debug_line    0x0000000000000000       0x5a main.o
 .debug_line    0x000000000000005a      0x333 soc-hw.o

.debug_frame    0x0000000000000000      0x110
 .debug_frame   0x0000000000000000       0x20 main.o
 .debug_frame   0x0000000000000020       0xf0 soc-hw.o

.debug_loc      0x0000000000000000      0x147
 .debug_loc     0x0000000000000000       0x4b main.o
 .debug_loc     0x000000000000004b       0xfc soc-hw.o

.debug_pubnames
                0x0000000000000000      0x138
 .debug_pubnames
                0x0000000000000000       0x1b main.o
 .debug_pubnames
                0x000000000000001b      0x11d soc-hw.o

.debug_pubtypes
                0x0000000000000000       0x77
 .debug_pubtypes
                0x0000000000000000       0x1e main.o
 .debug_pubtypes
                0x000000000000001e       0x59 soc-hw.o

.debug_aranges  0x0000000000000000       0x40
 .debug_aranges
                0x0000000000000000       0x20 main.o
 .debug_aranges
                0x0000000000000020       0x20 soc-hw.o

.debug_str      0x0000000000000000      0x25f
 .debug_str     0x0000000000000000       0xa8 main.o
                                         0xb4 (size before relaxing)
 .debug_str     0x00000000000000a8      0x1b7 soc-hw.o
                                        0x1f4 (size before relaxing)

.comment        0x0000000000000000       0x11
 .comment       0x0000000000000000       0x11 main.o
                                         0x12 (size before relaxing)
 .comment       0x0000000000000000       0x12 soc-hw.o

.debug_ranges   0x0000000000000000       0x18
 .debug_ranges  0x0000000000000000       0x18 soc-hw.o
