
Allocating common symbols
Common symbol       size              file

ch3                 0x4               main.o
ch2                 0x4               main.o
dato                0x4               main.o
isr_table           0x80              soc-hw.o
tic_msec            0x4               soc-hw.o
datain              0x4               main.o
ch1                 0x4               main.o

Memory Configuration

Name             Origin             Length             Attributes
ram              0x0000000000000000 0x0000000000001000
*default*        0x0000000000000000 0xffffffffffffffff

Linker script and memory map

                0x0000000000000000                __DYNAMIC = 0x0
                0x0000000000000000                _RAM_START = 0x0
                0x0000000000001000                _RAM_SIZE = 0x1000
                0x0000000000001000                _RAM_END = (_RAM_START + _RAM_SIZE)

.text           0x0000000000000000      0x7dc
                0x0000000000000000                _ftext = .
 *(.text .stub .text.* .gnu.linkonce.t.*)
 .text          0x0000000000000000      0x208 crt0ram.o
                0x0000000000000000                _start
                0x0000000000000140                irq_enable
                0x000000000000014c                irq_disable
                0x0000000000000158                irq_set_mask
                0x0000000000000160                irq_get_mask
                0x0000000000000168                jump
                0x000000000000016c                halt
                0x00000000000001f8                get_sp
                0x0000000000000200                get_gp
 .text          0x0000000000000208      0x1b4 main.o
                0x0000000000000208                main
 .text          0x00000000000003bc      0x264 soc-hw.o
                0x00000000000003bc                isr_null
                0x00000000000003c0                tic_isr
                0x00000000000003ec                prueba
                0x0000000000000404                prueba1
                0x000000000000041c                prueba2
                0x0000000000000430                irq_handler
                0x0000000000000494                isr_init
                0x00000000000004b8                isr_register
                0x00000000000004d0                isr_unregister
                0x00000000000004f0                msleep
                0x000000000000052c                nsleep
                0x000000000000055c                tic_init
                0x00000000000005a0                uart_init
                0x00000000000005a4                uart_getchar
                0x00000000000005c8                uart_putchar
                0x00000000000005ec                uart_putstr
 .text          0x0000000000000620      0x1bc rxdmx.o
                0x0000000000000620                timebreak
                0x0000000000000650                timeMAB
                0x00000000000006ac                sleep2us
                0x00000000000006dc                leerdatos
                0x0000000000000798                valorchs
                0x00000000000007dc                _etext = .

.rodata         0x00000000000007dc       0x50
                0x00000000000007dc                . = ALIGN (0x4)
                0x00000000000007dc                _frodata = .
 *(.rodata .rodata.* .gnu.linkonce.r.*)
 .rodata.str1.4
                0x00000000000007dc       0x4c main.o
 .rodata.cst4   0x0000000000000828        0x4 soc-hw.o
 *(.rodata1)
                0x000000000000082c                _erodata = .

.data           0x000000000000082c       0x10
                0x000000000000082c                . = ALIGN (0x4)
                0x000000000000082c                _fdata = .
 *(.data .data.* .gnu.linkonce.d.*)
 .data          0x000000000000082c        0x0 crt0ram.o
 .data          0x000000000000082c        0x0 main.o
 .data          0x000000000000082c       0x10 soc-hw.o
                0x000000000000082c                uart0
                0x0000000000000830                timer0
                0x0000000000000834                gpio0
                0x0000000000000838                spi0
 .data          0x000000000000083c        0x0 rxdmx.o
 *(.data1)
                0x0000000000000840                _gp = ALIGN (0x10)
 *(.sdata .sdata.* .gnu.linkonce.s.*)
                0x000000000000083c                _edata = .

.bss            0x000000000000083c       0x9c
                0x000000000000083c                . = ALIGN (0x4)
                0x000000000000083c                _fbss = .
 *(.dynsbss)
 *(.sbss .sbss.* .gnu.linkonce.sb.*)
 *(.scommon)
 *(.dynbss)
 *(.bss .bss.* .gnu.linkonce.b.*)
 .bss           0x000000000000083c        0x0 crt0ram.o
 .bss           0x000000000000083c        0x0 main.o
 .bss           0x000000000000083c        0x0 soc-hw.o
 .bss           0x000000000000083c        0x4 rxdmx.o
                0x000000000000083c                error
 *(COMMON)
 COMMON         0x0000000000000840       0x14 main.o
                0x0000000000000840                ch3
                0x0000000000000844                ch2
                0x0000000000000848                dato
                0x000000000000084c                datain
                0x0000000000000850                ch1
 COMMON         0x0000000000000854       0x84 soc-hw.o
                0x0000000000000854                isr_table
                0x00000000000008d4                tic_msec
                0x00000000000008d8                _ebss = .
                0x00000000000008d8                _end = .
                0x0000000000000ffc                PROVIDE (_fstack, ((ORIGIN (ram) + 0x1000) - 0x4))
LOAD crt0ram.o
LOAD main.o
LOAD soc-hw.o
LOAD rxdmx.o
OUTPUT(image elf32-lm32)

.debug_abbrev   0x0000000000000000      0x37b
 .debug_abbrev  0x0000000000000000       0xcb main.o
 .debug_abbrev  0x00000000000000cb      0x19d soc-hw.o
 .debug_abbrev  0x0000000000000268      0x113 rxdmx.o

.debug_info     0x0000000000000000      0x908
 .debug_info    0x0000000000000000      0x174 main.o
 .debug_info    0x0000000000000174      0x4f1 soc-hw.o
 .debug_info    0x0000000000000665      0x2a3 rxdmx.o

.debug_line     0x0000000000000000      0x614
 .debug_line    0x0000000000000000      0x15c main.o
 .debug_line    0x000000000000015c      0x2d3 soc-hw.o
 .debug_line    0x000000000000042f      0x1e5 rxdmx.o

.debug_frame    0x0000000000000000      0x190
 .debug_frame   0x0000000000000000       0x20 main.o
 .debug_frame   0x0000000000000020      0x110 soc-hw.o
 .debug_frame   0x0000000000000130       0x60 rxdmx.o

.debug_pubnames
                0x0000000000000000      0x210
 .debug_pubnames
                0x0000000000000000       0x51 main.o
 .debug_pubnames
                0x0000000000000051      0x135 soc-hw.o
 .debug_pubnames
                0x0000000000000186       0x8a rxdmx.o

.debug_pubtypes
                0x0000000000000000       0xc5
 .debug_pubtypes
                0x0000000000000000       0x2a main.o
 .debug_pubtypes
                0x000000000000002a       0x59 soc-hw.o
 .debug_pubtypes
                0x0000000000000083       0x42 rxdmx.o

.debug_aranges  0x0000000000000000       0x60
 .debug_aranges
                0x0000000000000000       0x20 main.o
 .debug_aranges
                0x0000000000000020       0x20 soc-hw.o
 .debug_aranges
                0x0000000000000040       0x20 rxdmx.o

.debug_str      0x0000000000000000      0x216
 .debug_str     0x0000000000000000       0x8f main.o
                                         0x9b (size before relaxing)
 .debug_str     0x000000000000008f      0x13f soc-hw.o
                                        0x1c6 (size before relaxing)
 .debug_str     0x00000000000001ce       0x48 rxdmx.o
                                        0x114 (size before relaxing)

.comment        0x0000000000000000       0x11
 .comment       0x0000000000000000       0x11 main.o
                                         0x12 (size before relaxing)
 .comment       0x0000000000000000       0x12 soc-hw.o
 .comment       0x0000000000000000       0x12 rxdmx.o

.debug_loc      0x0000000000000000      0x1b7
 .debug_loc     0x0000000000000000       0xfc soc-hw.o
 .debug_loc     0x00000000000000fc       0xbb rxdmx.o

.debug_ranges   0x0000000000000000       0x18
 .debug_ranges  0x0000000000000000       0x18 soc-hw.o
